Karaite Texts RAG Server
========================================
Building new index...
Loaded 2454 chunks from 134 files
Computing embeddings for 2454 chunks...
  Processing 0/2454...
  Processing 50/2454...
  Processing 100/2454...
  Processing 150/2454...
  Processing 200/2454...
  Processing 250/2454...
  Processing 300/2454...
  Processing 350/2454...
  Processing 400/2454...
  Processing 450/2454...
  Processing 500/2454...
  Processing 550/2454...
  Processing 600/2454...
  Processing 650/2454...
  Processing 700/2454...
  Processing 750/2454...
  Processing 800/2454...
  Processing 850/2454...
  Processing 900/2454...
  Processing 950/2454...
  Processing 1000/2454...
  Processing 1050/2454...
  Processing 1100/2454...
  Processing 1150/2454...
  Processing 1200/2454...
  Processing 1250/2454...
  Processing 1300/2454...
  Processing 1350/2454...
  Processing 1400/2454...
  Processing 1450/2454...
  Processing 1500/2454...
  Processing 1550/2454...
  Processing 1600/2454...
  Processing 1650/2454...
  Processing 1700/2454...
  Processing 1750/2454...
  Processing 1800/2454...
  Processing 1850/2454...
  Processing 1900/2454...
  Processing 1950/2454...
  Processing 2000/2454...
  Processing 2050/2454...
  Processing 2100/2454...
  Processing 2150/2454...
  Processing 2200/2454...
  Processing 2250/2454...
  Processing 2300/2454...
  Processing 2350/2454...
  Processing 2400/2454...
  Processing 2450/2454...
Index saved

Server running on http://localhost:8083
Endpoints:
  POST /chat   - Chat with the texts
  POST /search - Semantic search

Press Ctrl+C to stop
[19/May/2026 10:10:25] POST /chat HTTP/1.1
[19/May/2026 11:12:07] 501
[19/May/2026 11:12:07] GET / HTTP/1.1
[19/May/2026 11:12:07] 501
[19/May/2026 11:12:07] GET /favicon.ico HTTP/1.1
